../Core/Src/main.c:88:5:main	48	static
../Core/Src/main.c:214:6:SystemClock_Config	88	static
../Core/Src/main.c:264:9:bmi_begin	8	static
../Core/Src/main.c:285:6:bmi_callback	24	static
../Core/Src/main.c:296:6:reg_3v3_on	8	static
../Core/Src/main.c:303:6:reg_3v3_off	8	static
../Core/Src/main.c:309:6:HAL_GPIO_EXTI_Callback	16	static
../Core/Src/main.c:321:6:serial_println	16	static
../Core/Src/main.c:327:6:HAL_TIM_PeriodElapsedCallback	16	static
../Core/Src/main.c:340:6:Error_Handler	4	static,ignoring_inline_asm
